buildSigPiece: category UnQual () (Ident () "Expr") not declared.
