ParseFailed (SrcLoc "comp-transform/testsuite/progress/EmptyTyComp/EmptyTyComp.hs" 5 17) "Parse error: )"
