Found category "A" in an unexpected spot in destructor "eval". Should only be allowed as first argument.
