ParseFailed (SrcLoc "comp-transform/testsuite/unclear/EmptyTyComp/EmptyTyComp.hs" 6 17) "Parse error: )"
