ParseFailed (SrcLoc "comp-transform/testsuite/unclear/EmptyTyComp/EmptyTyComp.hs" 8 17) "Parse error: )"
